../Core/Src/main.c:87:5:main	16	static
../Core/Src/main.c:166:6:SystemClock_Config	80	static
../Core/Src/main.c:207:13:MX_ADC_Init	24	static
../Core/Src/main.c:261:13:MX_TIM3_Init	64	static
../Core/Src/main.c:320:13:MX_USART2_UART_Init	8	static
../Core/Src/main.c:353:13:MX_DMA_Init	16	static
../Core/Src/main.c:374:13:MX_GPIO_Init	56	static
../Core/Src/main.c:415:6:EXTI0_1_IRQHandler	8	static
../Core/Src/main.c:431:10:pollADC	16	static
../Core/Src/main.c:447:10:ADCtoCRR	24	static
../Core/Src/main.c:466:6:Error_Handler	8	static,ignoring_inline_asm
